// Jest Snapshot v1, https://goo.gl/fbAQLP

exports[`Select <Menu /> it renders correctly 1`] = `
.c0 {
  margin-top: 0px;
  list-style: none;
  padding: 10px 24px 10px 24px;
  font-size: 14px;
  -webkit-letter-spacing: 0.1px;
  -moz-letter-spacing: 0.1px;
  -ms-letter-spacing: 0.1px;
  letter-spacing: 0.1px;
  color: #111111;
}

.c0:hover {
  background-color: #F5F5F5;
  cursor: pointer;
}

.c0:focus {
  background-color: #F5F5F5;
  cursor: pointer;
}

<ThemeProvider
  theme={
    Object {
      "borderRadius": Object {
        "button": "4px",
        "input": "2px",
      },
      "colours": Object {
        "backToBlack": "#111111",
        "black": "#000000",
        "blackBetty": "#1E1E1E",
        "blueSmoke": "#949494",
        "green100": "#CFEACC",
        "green200": "#9DDCAC",
        "green300": "#72D08A",
        "green400": "#4FC571",
        "green50": "#E6F7EA",
        "green500": "#23BA57",
        "green600": "#10AD52",
        "green700": "#039842",
        "green800": "#008736",
        "green900": "#006721",
        "macyGrey": "#DBDBDB",
        "paintItBlack": "#333333",
        "primary": "#039842",
        "redRedWine": "#EF4423",
        "silverSprings": "#F5F5F5",
        "whiteDenim": "#FFFFFF",
      },
      "dimensions": Object {
        "buttonHeight": "44px",
        "containerWidth": Object {
          "default": "800px",
          "fullscreen": "100%",
          "large": "1000px",
          "small": "600px",
        },
        "inputHeight": "44px",
      },
      "fontSizes": Object {
        "base": "16px",
        "body1": "16px",
        "body2": "14px",
        "button": "14px",
        "caption": "10px",
        "h1": "96px",
        "h2": "60px",
        "h3": "48px",
        "h4": "34px",
        "h5": "24px",
        "h6": "20px",
        "overline": "10px",
        "subtitle1": "16px",
        "subtitle2": "14px",
        "title": "74px",
      },
      "fonts": Object {
        "regular": "Open Sans",
      },
      "media": Object {
        "lg": [Function],
        "md": [Function],
        "sm": [Function],
        "xl": [Function],
        "xs": [Function],
      },
      "ruler": Array [
        0,
        4,
        8,
        12,
        16,
        20,
        24,
        28,
        32,
        36,
        40,
        44,
        48,
        52,
        56,
        60,
        64,
        68,
        72,
        76,
        80,
      ],
      "utils": Object {
        "transition": [Function],
      },
    }
  }
>
  <Option
    name="cardiff"
    onClick={[MockFunction]}
  >
    <styled.li
      onClick={[Function]}
    >
      <StyledComponent
        forwardedComponent={
          Object {
            "$$typeof": Symbol(react.forward_ref),
            "attrs": Array [],
            "componentStyle": ComponentStyle {
              "componentId": "sc-bdVaJa",
              "isStatic": false,
              "lastClassName": "c0",
              "rules": Array [
                "
  ",
                [Function],
                "
",
              ],
            },
            "displayName": "styled.li",
            "foldedComponentIds": Array [],
            "render": [Function],
            "styledComponentId": "sc-bdVaJa",
            "target": "li",
            "toString": [Function],
            "warnTooManyClasses": [Function],
            "withComponent": [Function],
          }
        }
        forwardedRef={null}
        onClick={[Function]}
      >
        <li
          className="c0"
          onClick={[Function]}
        >
          cardiff
        </li>
      </StyledComponent>
    </styled.li>
  </Option>
</ThemeProvider>
`;
