// Jest Snapshot v1, https://goo.gl/fbAQLP

exports[`Buttons Link Button renders correctly 1`] = `
<ContextConsumer>
  <Component />
</ContextConsumer>
`;

exports[`Buttons Link Button renders correctly in disabled state 1`] = `
<ContextConsumer>
  <Component />
</ContextConsumer>
`;

exports[`Buttons Link Button renders correctly in loading state 1`] = `
<ContextConsumer>
  <Component />
</ContextConsumer>
`;

exports[`Buttons Primary Button renders correctly 1`] = `
<ContextConsumer>
  <Component />
</ContextConsumer>
`;

exports[`Buttons Primary Button renders correctly in disabled state 1`] = `
<ContextConsumer>
  <Component />
</ContextConsumer>
`;

exports[`Buttons Primary Button renders correctly in loading state 1`] = `
<ContextConsumer>
  <Component />
</ContextConsumer>
`;

exports[`Buttons Secondary Button renders correctly 1`] = `
<ContextConsumer>
  <Component />
</ContextConsumer>
`;

exports[`Buttons Secondary Button renders correctly in disabled state 1`] = `
<ContextConsumer>
  <Component />
</ContextConsumer>
`;

exports[`Buttons Secondary Button renders correctly in loading state 1`] = `
<ContextConsumer>
  <Component />
</ContextConsumer>
`;

exports[`Buttons Tertiary Button renders correctly 1`] = `
<ContextConsumer>
  <Component />
</ContextConsumer>
`;

exports[`Buttons Tertiary Button renders correctly in disabled state 1`] = `
<ContextConsumer>
  <Component />
</ContextConsumer>
`;

exports[`Buttons Tertiary Button renders correctly in loading state 1`] = `
<ContextConsumer>
  <Component />
</ContextConsumer>
`;
