// Jest Snapshot v1, https://goo.gl/fbAQLP

exports[`Pagination <Pages /> renders correctly 1`] = `
.c0 {
  width: 36px;
  height: 36px;
  font-size: 14px;
  -webkit-transition: all .2s ease;
  transition: all .2s ease;
  border: none;
  border-radius: 100%;
  display: -webkit-box;
  display: -webkit-flex;
  display: -ms-flexbox;
  display: flex;
  -webkit-align-items: center;
  -webkit-box-align: center;
  -ms-flex-align: center;
  align-items: center;
  -webkit-box-pack: center;
  -webkit-justify-content: center;
  -ms-flex-pack: center;
  justify-content: center;
  outline: none;
  -webkit-user-select: none;
  -moz-user-select: none;
  -ms-user-select: none;
  user-select: none;
  cursor: pointer;
}

.c0:hover {
  background-color: rgba(17,17,17,0.1);
}

.c1 {
  width: 36px;
  height: 36px;
  font-size: 14px;
  -webkit-transition: all .2s ease;
  transition: all .2s ease;
  border: none;
  border-radius: 100%;
  display: -webkit-box;
  display: -webkit-flex;
  display: -ms-flexbox;
  display: flex;
  -webkit-align-items: center;
  -webkit-box-align: center;
  -ms-flex-align: center;
  align-items: center;
  -webkit-box-pack: center;
  -webkit-justify-content: center;
  -ms-flex-pack: center;
  justify-content: center;
  outline: none;
  -webkit-user-select: none;
  -moz-user-select: none;
  -ms-user-select: none;
  user-select: none;
  background-color: #039842;
  color: #FFFFFF;
  font-weight: 600;
}

<ThemeProvider
  theme={
    Object {
      "borderRadius": Object {
        "button": "4px",
        "default": "2px",
        "input": "2px",
      },
      "colours": Object {
        "backToBlack": "#111111",
        "black": "#000000",
        "blackBetty": "#1E1E1E",
        "blueSmoke": "#949494",
        "green100": "#CFEACC",
        "green200": "#9DDCAC",
        "green300": "#72D08A",
        "green400": "#4FC571",
        "green50": "#E6F7EA",
        "green500": "#23BA57",
        "green600": "#10AD52",
        "green700": "#039842",
        "green800": "#008736",
        "green900": "#006721",
        "macyGrey": "#DBDBDB",
        "paintItBlack": "#333333",
        "primary": "#039842",
        "redRedWine": "#EF4423",
        "silverSprings": "#F5F5F5",
        "whiteDenim": "#FFFFFF",
      },
      "dimensions": Object {
        "buttonHeight": "44px",
        "containerWidth": Object {
          "default": "800px",
          "fullscreen": "100%",
          "large": "1000px",
          "small": "600px",
        },
        "inputHeight": "44px",
        "navbarHeight": Object {
          "lg": "84px",
          "md": "74px",
          "xs": "62px",
        },
      },
      "fontSizes": Object {
        "base": "16px",
        "body1": "16px",
        "body2": "14px",
        "button": "14px",
        "caption": "10px",
        "formGroupLabel": "14px",
        "h1": "96px",
        "h2": "60px",
        "h3": "48px",
        "h4": "34px",
        "h5": "24px",
        "h6": "20px",
        "overline": "10px",
        "subtitle1": "16px",
        "subtitle2": "14px",
        "title": "54px",
      },
      "fonts": Object {
        "regular": "Open Sans",
      },
      "media": Object {
        "lg": [Function],
        "md": [Function],
        "sm": [Function],
        "xl": [Function],
        "xs": [Function],
      },
      "ruler": Array [
        0,
        4,
        8,
        12,
        16,
        20,
        24,
        28,
        32,
        36,
        40,
        44,
        48,
        52,
        56,
        60,
        64,
        68,
        72,
        76,
        80,
      ],
      "utils": Object {
        "transition": [Function],
      },
    }
  }
>
  <Pages
    currentPage={2}
    displayPages={5}
    enlargement={1}
    onClick={[MockFunction]}
  >
    <PageBubble
      isActive={false}
      key="1"
      onClick={[Function]}
      page={1}
    >
      <styled.div
        as="button"
        clickable={true}
        onClick={[Function]}
      >
        <StyledComponent
          as="button"
          clickable={true}
          forwardedComponent={
            Object {
              "$$typeof": Symbol(react.forward_ref),
              "attrs": Array [],
              "componentStyle": ComponentStyle {
                "componentId": "sc-bdVaJa",
                "isStatic": false,
                "lastClassName": "c0",
                "rules": Array [
                  "
  ",
                  [Function],
                  "
",
                ],
              },
              "displayName": "styled.div",
              "foldedComponentIds": Array [],
              "render": [Function],
              "styledComponentId": "sc-bdVaJa",
              "target": "div",
              "toString": [Function],
              "warnTooManyClasses": [Function],
              "withComponent": [Function],
            }
          }
          forwardedRef={null}
          onClick={[Function]}
        >
          <button
            className="c0"
            onClick={[Function]}
          >
            1
          </button>
        </StyledComponent>
      </styled.div>
    </PageBubble>
    <PageBubble
      isActive={true}
      key="2"
      onClick={[Function]}
      page={2}
    >
      <styled.div
        colour="primary"
      >
        <StyledComponent
          colour="primary"
          forwardedComponent={
            Object {
              "$$typeof": Symbol(react.forward_ref),
              "attrs": Array [],
              "componentStyle": ComponentStyle {
                "componentId": "sc-bdVaJa",
                "isStatic": false,
                "lastClassName": "c0",
                "rules": Array [
                  "
  ",
                  [Function],
                  "
",
                ],
              },
              "displayName": "styled.div",
              "foldedComponentIds": Array [],
              "render": [Function],
              "styledComponentId": "sc-bdVaJa",
              "target": "div",
              "toString": [Function],
              "warnTooManyClasses": [Function],
              "withComponent": [Function],
            }
          }
          forwardedRef={null}
        >
          <div
            className="c1"
          >
            2
          </div>
        </StyledComponent>
      </styled.div>
    </PageBubble>
    <PageBubble
      isActive={false}
      key="3"
      onClick={[Function]}
      page={3}
    >
      <styled.div
        as="button"
        clickable={true}
        onClick={[Function]}
      >
        <StyledComponent
          as="button"
          clickable={true}
          forwardedComponent={
            Object {
              "$$typeof": Symbol(react.forward_ref),
              "attrs": Array [],
              "componentStyle": ComponentStyle {
                "componentId": "sc-bdVaJa",
                "isStatic": false,
                "lastClassName": "c0",
                "rules": Array [
                  "
  ",
                  [Function],
                  "
",
                ],
              },
              "displayName": "styled.div",
              "foldedComponentIds": Array [],
              "render": [Function],
              "styledComponentId": "sc-bdVaJa",
              "target": "div",
              "toString": [Function],
              "warnTooManyClasses": [Function],
              "withComponent": [Function],
            }
          }
          forwardedRef={null}
          onClick={[Function]}
        >
          <button
            className="c0"
            onClick={[Function]}
          >
            3
          </button>
        </StyledComponent>
      </styled.div>
    </PageBubble>
    <PageBubble
      isActive={false}
      key="4"
      onClick={[Function]}
      page={4}
    >
      <styled.div
        as="button"
        clickable={true}
        onClick={[Function]}
      >
        <StyledComponent
          as="button"
          clickable={true}
          forwardedComponent={
            Object {
              "$$typeof": Symbol(react.forward_ref),
              "attrs": Array [],
              "componentStyle": ComponentStyle {
                "componentId": "sc-bdVaJa",
                "isStatic": false,
                "lastClassName": "c0",
                "rules": Array [
                  "
  ",
                  [Function],
                  "
",
                ],
              },
              "displayName": "styled.div",
              "foldedComponentIds": Array [],
              "render": [Function],
              "styledComponentId": "sc-bdVaJa",
              "target": "div",
              "toString": [Function],
              "warnTooManyClasses": [Function],
              "withComponent": [Function],
            }
          }
          forwardedRef={null}
          onClick={[Function]}
        >
          <button
            className="c0"
            onClick={[Function]}
          >
            4
          </button>
        </StyledComponent>
      </styled.div>
    </PageBubble>
    <PageBubble
      isActive={false}
      key="5"
      onClick={[Function]}
      page={5}
    >
      <styled.div
        as="button"
        clickable={true}
        onClick={[Function]}
      >
        <StyledComponent
          as="button"
          clickable={true}
          forwardedComponent={
            Object {
              "$$typeof": Symbol(react.forward_ref),
              "attrs": Array [],
              "componentStyle": ComponentStyle {
                "componentId": "sc-bdVaJa",
                "isStatic": false,
                "lastClassName": "c0",
                "rules": Array [
                  "
  ",
                  [Function],
                  "
",
                ],
              },
              "displayName": "styled.div",
              "foldedComponentIds": Array [],
              "render": [Function],
              "styledComponentId": "sc-bdVaJa",
              "target": "div",
              "toString": [Function],
              "warnTooManyClasses": [Function],
              "withComponent": [Function],
            }
          }
          forwardedRef={null}
          onClick={[Function]}
        >
          <button
            className="c0"
            onClick={[Function]}
          >
            5
          </button>
        </StyledComponent>
      </styled.div>
    </PageBubble>
  </Pages>
</ThemeProvider>
`;
